◇ injected env (27) from ..\..\.env // tip: ⌘ override existing { override: true }
◇ injected env (0) from .env // tip: ⌘ custom filepath { path: '/custom/path/.env' }
◇ injected env (0) from .env // tip: ⌁ auth for agents [www.vestauth.com]
✅ MongoDB Connected: 127.0.0.1
{"timestamp":"2026-06-26T14:07:10.575Z","level":"INFO","message":"🚀 UWU Smart Procurement API running on port 5000","environment":"development","port":5000,"apiVersion":"v1"}


   UWU Smart Procurement System - API Server
   Port: 5000
   Environment: development                      
   API: http://localhost:5000/api/v1


[0mGET /api/v1/health [32m200[0m 7.919 ms - 110[0m
[0mGET /api/v1/procurements/public [32m200[0m 10.783 ms - 46[0m
[0mGET /api/v1/procurements/public [36m304[0m 2.227 ms - -[0m
{"timestamp":"2026-06-26T14:11:22.765Z","level":"AUDIT","message":"USER_LOGIN by 6a27fad3891f2c8bc5abc4c3","userId":"6a27fad3891f2c8bc5abc4c3","action":"USER_LOGIN","ip":"::1","email":"superadmin@uwu.ac.lk"}
{"timestamp":"2026-06-26T14:11:22.770Z","level":"DEBUG","message":"Audit log recorded","userId":"6a27fad3891f2c8bc5abc4c3","action":"LOGIN_SUCCESS","status":"success"}
[0mPOST /api/v1/auth/login [32m200[0m 333.923 ms - 1962[0m
{"timestamp":"2026-06-26T14:11:22.849Z","level":"DEBUG","message":"Auth verified","tenantId":"uwu-main","userId":"6a27fad3891f2c8bc5abc4c3","ip":"::1","role":"super_admin","faculty":null}
[0mGET /api/v1/notifications/unread-count [32m200[0m 9.876 ms - 55[0m
{"timestamp":"2026-06-26T14:11:22.861Z","level":"DEBUG","message":"Auth verified","tenantId":"uwu-main","userId":"6a27fad3891f2c8bc5abc4c3","ip":"::1","role":"super_admin","faculty":null}
[0mGET /api/v1/notifications/unread-count [36m304[0m 7.365 ms - -[0m
{"timestamp":"2026-06-26T14:11:29.417Z","level":"DEBUG","message":"Auth verified","tenantId":"uwu-main","userId":"6a27fad3891f2c8bc5abc4c3","ip":"::1","role":"super_admin","faculty":null}
[0mGET /api/v1/procurements?page=1&limit=10 [32m200[0m 16.707 ms - 2259[0m
{"timestamp":"2026-06-26T14:11:29.436Z","level":"DEBUG","message":"Auth verified","tenantId":"uwu-main","userId":"6a27fad3891f2c8bc5abc4c3","ip":"::1","role":"super_admin","faculty":null}
[0mGET /api/v1/procurements?page=1&limit=10 [36m304[0m 11.384 ms - -[0m
{"timestamp":"2026-06-26T14:11:30.264Z","level":"DEBUG","message":"Auth verified","tenantId":"uwu-main","userId":"6a27fad3891f2c8bc5abc4c3","ip":"::1","role":"super_admin","faculty":null}
[0mGET /api/v1/procurements/pending-approvals [32m200[0m 6.003 ms - 46[0m
{"timestamp":"2026-06-26T14:11:30.271Z","level":"DEBUG","message":"Auth verified","tenantId":"uwu-main","userId":"6a27fad3891f2c8bc5abc4c3","ip":"::1","role":"super_admin","faculty":null}
[0mGET /api/v1/procurements/pending-approvals [36m304[0m 4.235 ms - -[0m
{"timestamp":"2026-06-26T14:11:42.852Z","level":"DEBUG","message":"Auth verified","tenantId":"uwu-main","userId":"6a27fad3891f2c8bc5abc4c3","ip":"::1","role":"super_admin","faculty":null}
[0mGET /api/v1/notifications/unread-count [36m304[0m 7.687 ms - -[0m
{"timestamp":"2026-06-26T14:11:56.542Z","level":"DEBUG","message":"Auth verified","tenantId":"uwu-main","userId":"6a27fad3891f2c8bc5abc4c3","ip":"::1","role":"super_admin","faculty":null}
[0mGET /api/v1/procurements/budget-status [32m200[0m 7.857 ms - 46[0m
{"timestamp":"2026-06-26T14:11:56.552Z","level":"DEBUG","message":"Auth verified","tenantId":"uwu-main","userId":"6a27fad3891f2c8bc5abc4c3","ip":"::1","role":"super_admin","faculty":null}
[0mGET /api/v1/procurements/budget-status [36m304[0m 7.193 ms - -[0m
{"timestamp":"2026-06-26T14:11:58.040Z","level":"DEBUG","message":"Auth verified","tenantId":"uwu-main","userId":"6a27fad3891f2c8bc5abc4c3","ip":"::1","role":"super_admin","faculty":null}
[0mGET /api/v1/tenders [32m200[0m 23.151 ms - 2331[0m
{"timestamp":"2026-06-26T14:11:58.062Z","level":"DEBUG","message":"Auth verified","tenantId":"uwu-main","userId":"6a27fad3891f2c8bc5abc4c3","ip":"::1","role":"super_admin","faculty":null}
[0mGET /api/v1/tenders [36m304[0m 16.244 ms - -[0m
{"timestamp":"2026-06-26T14:12:02.856Z","level":"DEBUG","message":"Auth verified","tenantId":"uwu-main","userId":"6a27fad3891f2c8bc5abc4c3","ip":"::1","role":"super_admin","faculty":null}
[0mGET /api/v1/notifications/unread-count [36m304[0m 4.649 ms - -[0m
{"timestamp":"2026-06-26T14:12:05.606Z","level":"DEBUG","message":"Auth verified","tenantId":"uwu-main","userId":"6a27fad3891f2c8bc5abc4c3","ip":"::1","role":"super_admin","faculty":null}
[0mGET /api/v1/tenders/6a26f9d271a7994817dbee36 [32m200[0m 15.178 ms - 2117[0m
{"timestamp":"2026-06-26T14:12:05.623Z","level":"DEBUG","message":"Auth verified","tenantId":"uwu-main","userId":"6a27fad3891f2c8bc5abc4c3","ip":"::1","role":"super_admin","faculty":null}
{"timestamp":"2026-06-26T14:12:05.628Z","level":"DEBUG","message":"Auth verified","tenantId":"uwu-main","userId":"6a27fad3891f2c8bc5abc4c3","ip":"::1","role":"super_admin","faculty":null}
[0mGET /api/v1/tenders/6a26f9d271a7994817dbee36/bids [32m200[0m 8.065 ms - 873[0m
[0mGET /api/v1/tenders/6a26f9d271a7994817dbee36 [36m304[0m 13.796 ms - -[0m
{"timestamp":"2026-06-26T14:12:05.646Z","level":"DEBUG","message":"Auth verified","tenantId":"uwu-main","userId":"6a27fad3891f2c8bc5abc4c3","ip":"::1","role":"super_admin","faculty":null}
[0mGET /api/v1/tenders/6a26f9d271a7994817dbee36/bids [36m304[0m 5.706 ms - -[0m
{"timestamp":"2026-06-26T14:12:13.767Z","level":"DEBUG","message":"Auth verified","tenantId":"uwu-main","userId":"6a27fad3891f2c8bc5abc4c3","ip":"::1","role":"super_admin","faculty":null}
[0mGET /api/v1/tenders?status=published,bidding [32m200[0m 7.297 ms - 133[0m
{"timestamp":"2026-06-26T14:12:13.776Z","level":"DEBUG","message":"Auth verified","tenantId":"uwu-main","userId":"6a27fad3891f2c8bc5abc4c3","ip":"::1","role":"super_admin","faculty":null}
[0mGET /api/v1/tenders?status=published,bidding [36m304[0m 4.757 ms - -[0m
{"timestamp":"2026-06-26T14:12:14.732Z","level":"DEBUG","message":"Auth verified","tenantId":"uwu-main","userId":"6a27fad3891f2c8bc5abc4c3","ip":"::1","role":"super_admin","faculty":null}
[0mGET /api/v1/tenders [36m304[0m 15.397 ms - -[0m
{"timestamp":"2026-06-26T14:12:14.749Z","level":"DEBUG","message":"Auth verified","tenantId":"uwu-main","userId":"6a27fad3891f2c8bc5abc4c3","ip":"::1","role":"super_admin","faculty":null}
[0mGET /api/v1/tenders [36m304[0m 12.485 ms - -[0m
{"timestamp":"2026-06-26T14:12:15.698Z","level":"DEBUG","message":"Auth verified","tenantId":"uwu-main","userId":"6a27fad3891f2c8bc5abc4c3","ip":"::1","role":"super_admin","faculty":null}
[0mGET /api/v1/tenders [36m304[0m 15.433 ms - -[0m
{"timestamp":"2026-06-26T14:12:15.715Z","level":"DEBUG","message":"Auth verified","tenantId":"uwu-main","userId":"6a27fad3891f2c8bc5abc4c3","ip":"::1","role":"super_admin","faculty":null}
{"timestamp":"2026-06-26T14:12:15.726Z","level":"DEBUG","message":"Auth verified","tenantId":"uwu-main","userId":"6a27fad3891f2c8bc5abc4c3","ip":"::1","role":"super_admin","faculty":null}
[0mGET /api/v1/tenders [36m304[0m 18.361 ms - -[0m
[0mGET /api/v1/tenders/6a26f9d271a7994817dbee37/evaluation-results [32m200[0m 16.402 ms - 427[0m
{"timestamp":"2026-06-26T14:12:15.741Z","level":"DEBUG","message":"Auth verified","tenantId":"uwu-main","userId":"6a27fad3891f2c8bc5abc4c3","ip":"::1","role":"super_admin","faculty":null}
[0mGET /api/v1/tenders [36m304[0m 17.873 ms - -[0m
{"timestamp":"2026-06-26T14:12:22.848Z","level":"DEBUG","message":"Auth verified","tenantId":"uwu-main","userId":"6a27fad3891f2c8bc5abc4c3","ip":"::1","role":"super_admin","faculty":null}
[0mGET /api/v1/notifications/unread-count [36m304[0m 6.604 ms - -[0m
{"timestamp":"2026-06-26T14:12:25.100Z","level":"DEBUG","message":"Auth verified","tenantId":"uwu-main","userId":"6a27fad3891f2c8bc5abc4c3","ip":"::1","role":"super_admin","faculty":null}
{"timestamp":"2026-06-26T14:12:25.108Z","level":"DEBUG","message":"Auth verified","tenantId":"uwu-main","userId":"6a27fad3891f2c8bc5abc4c3","ip":"::1","role":"super_admin","faculty":null}
[0mPOST /api/v1/ai/verify-quotations/6a26f9d271a7994817dbee37 [32m200[0m 71.997 ms - 1022[0m
{"timestamp":"2026-06-26T14:12:32.011Z","level":"INFO","message":"Generating high-fidelity local GOSL procurement intelligence simulation..."}
[0mPOST /api/v1/ai/smart-recommendations/6a26f9d271a7994817dbee37 [32m200[0m 6918.177 ms - 2352[0m
{"timestamp":"2026-06-26T14:12:42.856Z","level":"DEBUG","message":"Auth verified","tenantId":"uwu-main","userId":"6a27fad3891f2c8bc5abc4c3","ip":"::1","role":"super_admin","faculty":null}
[0mGET /api/v1/notifications/unread-count [36m304[0m 7.715 ms - -[0m
{"timestamp":"2026-06-26T14:12:43.884Z","level":"DEBUG","message":"Auth verified","tenantId":"uwu-main","userId":"6a27fad3891f2c8bc5abc4c3","ip":"::1","role":"super_admin","faculty":null}
[0mGET /api/v1/tenders?status=awarded,loa_issued,standstill,cleared,appealed [32m200[0m 21.429 ms - 3543[0m
{"timestamp":"2026-06-26T14:12:43.909Z","level":"DEBUG","message":"Auth verified","tenantId":"uwu-main","userId":"6a27fad3891f2c8bc5abc4c3","ip":"::1","role":"super_admin","faculty":null}
[0mGET /api/v1/tenders?status=awarded,loa_issued,standstill,cleared,appealed [36m304[0m 13.907 ms - -[0m
{"timestamp":"2026-06-26T14:12:46.851Z","level":"DEBUG","message":"Auth verified","tenantId":"uwu-main","userId":"6a27fad3891f2c8bc5abc4c3","ip":"::1","role":"super_admin","faculty":null}
[0mGET /api/v1/contracts [32m200[0m 17.330 ms - 4135[0m
{"timestamp":"2026-06-26T14:12:46.871Z","level":"DEBUG","message":"Auth verified","tenantId":"uwu-main","userId":"6a27fad3891f2c8bc5abc4c3","ip":"::1","role":"super_admin","faculty":null}
[0mGET /api/v1/contracts [36m304[0m 12.472 ms - -[0m
{"timestamp":"2026-06-26T14:12:52.804Z","level":"DEBUG","message":"Auth verified","tenantId":"uwu-main","userId":"6a27fad3891f2c8bc5abc4c3","ip":"::1","role":"super_admin","faculty":null}
[0mGET /api/v1/tenders?status=awarded,loa_issued,standstill,cleared,appealed [36m304[0m 17.325 ms - -[0m
{"timestamp":"2026-06-26T14:12:52.823Z","level":"DEBUG","message":"Auth verified","tenantId":"uwu-main","userId":"6a27fad3891f2c8bc5abc4c3","ip":"::1","role":"super_admin","faculty":null}
[0mGET /api/v1/tenders?status=awarded,loa_issued,standstill,cleared,appealed [36m304[0m 15.534 ms - -[0m
{"timestamp":"2026-06-26T14:12:53.729Z","level":"DEBUG","message":"Auth verified","tenantId":"uwu-main","userId":"6a27fad3891f2c8bc5abc4c3","ip":"::1","role":"super_admin","faculty":null}
[0mGET /api/v1/contracts [36m304[0m 12.838 ms - -[0m
{"timestamp":"2026-06-26T14:12:53.743Z","level":"DEBUG","message":"Auth verified","tenantId":"uwu-main","userId":"6a27fad3891f2c8bc5abc4c3","ip":"::1","role":"super_admin","faculty":null}
[0mGET /api/v1/contracts [36m304[0m 8.613 ms - -[0m
{"timestamp":"2026-06-26T14:12:55.299Z","level":"DEBUG","message":"Auth verified","tenantId":"uwu-main","userId":"6a27fad3891f2c8bc5abc4c3","ip":"::1","role":"super_admin","faculty":null}
{"timestamp":"2026-06-26T14:12:55.304Z","level":"DEBUG","message":"Auth verified","tenantId":"uwu-main","userId":"6a27fad3891f2c8bc5abc4c3","ip":"::1","role":"super_admin","faculty":null}
{"timestamp":"2026-06-26T14:12:55.309Z","level":"DEBUG","message":"Auth verified","tenantId":"uwu-main","userId":"6a27fad3891f2c8bc5abc4c3","ip":"::1","role":"super_admin","faculty":null}
{"timestamp":"2026-06-26T14:12:55.317Z","level":"DEBUG","message":"Auth verified","tenantId":"uwu-main","userId":"6a27fad3891f2c8bc5abc4c3","ip":"::1","role":"super_admin","faculty":null}
{"timestamp":"2026-06-26T14:12:55.318Z","level":"DEBUG","message":"Auth verified","tenantId":"uwu-main","userId":"6a27fad3891f2c8bc5abc4c3","ip":"::1","role":"super_admin","faculty":null}
[0mGET /api/v1/master-plans/pending [32m200[0m 22.276 ms - 46[0m
[0mGET /api/v1/master-plans?limit=1 [32m200[0m 28.084 ms - 2233[0m
[0mGET /api/v1/annual-plans?limit=1 [32m200[0m 28.009 ms - 1296[0m
[0mGET /api/v1/annual-plans/pending [32m200[0m 18.829 ms - 46[0m
[0mGET /api/v1/budget-allocations/my-budget [32m200[0m 18.607 ms - 104[0m
{"timestamp":"2026-06-26T14:12:55.333Z","level":"DEBUG","message":"Auth verified","tenantId":"uwu-main","userId":"6a27fad3891f2c8bc5abc4c3","ip":"::1","role":"super_admin","faculty":null}
{"timestamp":"2026-06-26T14:12:55.334Z","level":"DEBUG","message":"Auth verified","tenantId":"uwu-main","userId":"6a27fad3891f2c8bc5abc4c3","ip":"::1","role":"super_admin","faculty":null}
{"timestamp":"2026-06-26T14:12:55.336Z","level":"DEBUG","message":"Auth verified","tenantId":"uwu-main","userId":"6a27fad3891f2c8bc5abc4c3","ip":"::1","role":"super_admin","faculty":null}
{"timestamp":"2026-06-26T14:12:55.337Z","level":"DEBUG","message":"Auth verified","tenantId":"uwu-main","userId":"6a27fad3891f2c8bc5abc4c3","ip":"::1","role":"super_admin","faculty":null}
{"timestamp":"2026-06-26T14:12:55.339Z","level":"DEBUG","message":"Auth verified","tenantId":"uwu-main","userId":"6a27fad3891f2c8bc5abc4c3","ip":"::1","role":"super_admin","faculty":null}
[0mGET /api/v1/master-plans/pending [36m304[0m 13.326 ms - -[0m
[0mGET /api/v1/annual-plans/pending [36m304[0m 13.110 ms - -[0m
[0mGET /api/v1/budget-allocations/my-budget [36m304[0m 13.560 ms - -[0m
[0mGET /api/v1/master-plans?limit=1 [36m304[0m 19.726 ms - -[0m
[0mGET /api/v1/annual-plans?limit=1 [36m304[0m 19.484 ms - -[0m
{"timestamp":"2026-06-26T14:13:02.858Z","level":"DEBUG","message":"Auth verified","tenantId":"uwu-main","userId":"6a27fad3891f2c8bc5abc4c3","ip":"::1","role":"super_admin","faculty":null}
[0mGET /api/v1/notifications/unread-count [36m304[0m 7.865 ms - -[0m
{"timestamp":"2026-06-26T14:13:22.858Z","level":"DEBUG","message":"Auth verified","tenantId":"uwu-main","userId":"6a27fad3891f2c8bc5abc4c3","ip":"::1","role":"super_admin","faculty":null}
[0mGET /api/v1/notifications/unread-count [36m304[0m 7.301 ms - -[0m
{"timestamp":"2026-06-26T14:13:26.780Z","level":"DEBUG","message":"Auth verified","tenantId":"uwu-main","userId":"6a27fad3891f2c8bc5abc4c3","ip":"::1","role":"super_admin","faculty":null}
{"timestamp":"2026-06-26T14:13:26.786Z","level":"DEBUG","message":"Auth verified","tenantId":"uwu-main","userId":"6a27fad3891f2c8bc5abc4c3","ip":"::1","role":"super_admin","faculty":null}
{"timestamp":"2026-06-26T14:13:26.789Z","level":"DEBUG","message":"Auth verified","tenantId":"uwu-main","userId":"6a27fad3891f2c8bc5abc4c3","ip":"::1","role":"super_admin","faculty":null}
{"timestamp":"2026-06-26T14:13:26.791Z","level":"DEBUG","message":"Auth verified","tenantId":"uwu-main","userId":"6a27fad3891f2c8bc5abc4c3","ip":"::1","role":"super_admin","faculty":null}
[0mGET /api/v1/master-plans?limit=5 [32m200[0m 21.284 ms - 2233[0m
[0mGET /api/v1/annual-plans/pending [36m304[0m 12.010 ms - -[0m
[0mGET /api/v1/master-plans/pending [36m304[0m 14.285 ms - -[0m
[0mGET /api/v1/annual-plans?limit=5 [32m200[0m 22.706 ms - 2478[0m
{"timestamp":"2026-06-26T14:13:26.807Z","level":"DEBUG","message":"Auth verified","tenantId":"uwu-main","userId":"6a27fad3891f2c8bc5abc4c3","ip":"::1","role":"super_admin","faculty":null}
{"timestamp":"2026-06-26T14:13:26.809Z","level":"DEBUG","message":"Auth verified","tenantId":"uwu-main","userId":"6a27fad3891f2c8bc5abc4c3","ip":"::1","role":"super_admin","faculty":null}
{"timestamp":"2026-06-26T14:13:26.811Z","level":"DEBUG","message":"Auth verified","tenantId":"uwu-main","userId":"6a27fad3891f2c8bc5abc4c3","ip":"::1","role":"super_admin","faculty":null}
{"timestamp":"2026-06-26T14:13:26.812Z","level":"DEBUG","message":"Auth verified","tenantId":"uwu-main","userId":"6a27fad3891f2c8bc5abc4c3","ip":"::1","role":"super_admin","faculty":null}
[0mGET /api/v1/annual-plans/pending [36m304[0m 16.251 ms - -[0m
[0mGET /api/v1/master-plans/pending [36m304[0m 18.040 ms - -[0m
[0mGET /api/v1/master-plans?limit=5 [36m304[0m 27.939 ms - -[0m
[0mGET /api/v1/annual-plans?limit=5 [36m304[0m 25.609 ms - -[0m
{"timestamp":"2026-06-26T14:13:37.774Z","level":"DEBUG","message":"Auth verified","tenantId":"uwu-main","userId":"6a27fad3891f2c8bc5abc4c3","ip":"::1","role":"super_admin","faculty":null}
[0mGET /api/v1/master-plans?limit=50 [32m200[0m 10.398 ms - 2234[0m
{"timestamp":"2026-06-26T14:13:37.788Z","level":"DEBUG","message":"Auth verified","tenantId":"uwu-main","userId":"6a27fad3891f2c8bc5abc4c3","ip":"::1","role":"super_admin","faculty":null}
[0mGET /api/v1/master-plans?limit=50 [36m304[0m 9.478 ms - -[0m
{"timestamp":"2026-06-26T14:13:40.271Z","level":"DEBUG","message":"Auth verified","tenantId":"uwu-main","userId":"6a27fad3891f2c8bc5abc4c3","ip":"::1","role":"super_admin","faculty":null}
[0mGET /api/v1/master-plans/6a3d43b359788f98809a3bd9 [32m200[0m 11.658 ms - 2867[0m
{"timestamp":"2026-06-26T14:13:40.285Z","level":"DEBUG","message":"Auth verified","tenantId":"uwu-main","userId":"6a27fad3891f2c8bc5abc4c3","ip":"::1","role":"super_admin","faculty":null}
[0mGET /api/v1/master-plans/6a3d43b359788f98809a3bd9 [36m304[0m 10.075 ms - -[0m
{"timestamp":"2026-06-26T14:13:42.847Z","level":"DEBUG","message":"Auth verified","tenantId":"uwu-main","userId":"6a27fad3891f2c8bc5abc4c3","ip":"::1","role":"super_admin","faculty":null}
[0mGET /api/v1/notifications/unread-count [36m304[0m 6.941 ms - -[0m
{"timestamp":"2026-06-26T14:13:47.223Z","level":"DEBUG","message":"Auth verified","tenantId":"uwu-main","userId":"6a27fad3891f2c8bc5abc4c3","ip":"::1","role":"super_admin","faculty":null}
[0mGET /api/v1/annual-plans?limit=50 [32m200[0m 9.858 ms - 2479[0m
{"timestamp":"2026-06-26T14:13:47.236Z","level":"DEBUG","message":"Auth verified","tenantId":"uwu-main","userId":"6a27fad3891f2c8bc5abc4c3","ip":"::1","role":"super_admin","faculty":null}
[0mGET /api/v1/annual-plans?limit=50 [36m304[0m 10.547 ms - -[0m
{"timestamp":"2026-06-26T14:13:49.958Z","level":"DEBUG","message":"Auth verified","tenantId":"uwu-main","userId":"6a27fad3891f2c8bc5abc4c3","ip":"::1","role":"super_admin","faculty":null}
[0mGET /api/v1/annual-plans/6a3e60b6ce53800b4161d967 [32m200[0m 12.542 ms - 1239[0m
{"timestamp":"2026-06-26T14:13:49.970Z","level":"DEBUG","message":"Auth verified","tenantId":"uwu-main","userId":"6a27fad3891f2c8bc5abc4c3","ip":"::1","role":"super_admin","faculty":null}
[0mGET /api/v1/annual-plans/6a3e60b6ce53800b4161d967 [36m304[0m 8.079 ms - -[0m
{"timestamp":"2026-06-26T14:13:51.972Z","level":"DEBUG","message":"Auth verified","tenantId":"uwu-main","userId":"6a27fad3891f2c8bc5abc4c3","ip":"::1","role":"super_admin","faculty":null}
[0mGET /api/v1/annual-plans?limit=50 [36m304[0m 11.378 ms - -[0m
{"timestamp":"2026-06-26T14:13:51.984Z","level":"DEBUG","message":"Auth verified","tenantId":"uwu-main","userId":"6a27fad3891f2c8bc5abc4c3","ip":"::1","role":"super_admin","faculty":null}
[0mGET /api/v1/annual-plans?limit=50 [36m304[0m 8.377 ms - -[0m
{"timestamp":"2026-06-26T14:13:52.852Z","level":"DEBUG","message":"Auth verified","tenantId":"uwu-main","userId":"6a27fad3891f2c8bc5abc4c3","ip":"::1","role":"super_admin","faculty":null}
[0mGET /api/v1/annual-plans/6a3e6110ce53800b4161da06 [32m200[0m 10.621 ms - 1224[0m
{"timestamp":"2026-06-26T14:13:52.864Z","level":"DEBUG","message":"Auth verified","tenantId":"uwu-main","userId":"6a27fad3891f2c8bc5abc4c3","ip":"::1","role":"super_admin","faculty":null}
[0mGET /api/v1/annual-plans/6a3e6110ce53800b4161da06 [36m304[0m 5.971 ms - -[0m
{"timestamp":"2026-06-26T14:13:55.659Z","level":"DEBUG","message":"Auth verified","tenantId":"uwu-main","userId":"6a27fad3891f2c8bc5abc4c3","ip":"::1","role":"super_admin","faculty":null}
{"timestamp":"2026-06-26T14:13:55.663Z","level":"DEBUG","message":"Auth verified","tenantId":"uwu-main","userId":"6a27fad3891f2c8bc5abc4c3","ip":"::1","role":"super_admin","faculty":null}
[0mGET /api/v1/budget-allocations [32m200[0m 12.227 ms - 46[0m
[0mGET /api/v1/annual-plans?status=budget_received [32m200[0m 9.298 ms - 133[0m
{"timestamp":"2026-06-26T14:13:55.670Z","level":"DEBUG","message":"Auth verified","tenantId":"uwu-main","userId":"6a27fad3891f2c8bc5abc4c3","ip":"::1","role":"super_admin","faculty":null}
{"timestamp":"2026-06-26T14:13:55.674Z","level":"DEBUG","message":"Auth verified","tenantId":"uwu-main","userId":"6a27fad3891f2c8bc5abc4c3","ip":"::1","role":"super_admin","faculty":null}
[0mGET /api/v1/budget-allocations [36m304[0m 8.806 ms - -[0m
[0mGET /api/v1/annual-plans?status=budget_received [36m304[0m 8.685 ms - -[0m
{"timestamp":"2026-06-26T14:13:57.518Z","level":"DEBUG","message":"Auth verified","tenantId":"uwu-main","userId":"6a27fad3891f2c8bc5abc4c3","ip":"::1","role":"super_admin","faculty":null}
[0mGET /api/v1/contracts/deliveries [32m200[0m 14.904 ms - 1622[0m
{"timestamp":"2026-06-26T14:13:57.535Z","level":"DEBUG","message":"Auth verified","tenantId":"uwu-main","userId":"6a27fad3891f2c8bc5abc4c3","ip":"::1","role":"super_admin","faculty":null}
[0mGET /api/v1/contracts/deliveries [36m304[0m 10.600 ms - -[0m
{"timestamp":"2026-06-26T14:13:59.436Z","level":"DEBUG","message":"Auth verified","tenantId":"uwu-main","userId":"6a27fad3891f2c8bc5abc4c3","ip":"::1","role":"super_admin","faculty":null}
{"timestamp":"2026-06-26T14:13:59.441Z","level":"DEBUG","message":"Auth verified","tenantId":"uwu-main","userId":"6a27fad3891f2c8bc5abc4c3","ip":"::1","role":"super_admin","faculty":null}
[0mGET /api/v1/payments [32m200[0m 16.002 ms - 2696[0m
[0mGET /api/v1/contracts?status=active [32m200[0m 16.987 ms - 2204[0m
{"timestamp":"2026-06-26T14:13:59.457Z","level":"DEBUG","message":"Auth verified","tenantId":"uwu-main","userId":"6a27fad3891f2c8bc5abc4c3","ip":"::1","role":"super_admin","faculty":null}
{"timestamp":"2026-06-26T14:13:59.460Z","level":"DEBUG","message":"Auth verified","tenantId":"uwu-main","userId":"6a27fad3891f2c8bc5abc4c3","ip":"::1","role":"super_admin","faculty":null}
[0mGET /api/v1/payments [36m304[0m 12.956 ms - -[0m
[0mGET /api/v1/contracts?status=active [36m304[0m 12.189 ms - -[0m
{"timestamp":"2026-06-26T14:14:02.848Z","level":"DEBUG","message":"Auth verified","tenantId":"uwu-main","userId":"6a27fad3891f2c8bc5abc4c3","ip":"::1","role":"super_admin","faculty":null}
[0mGET /api/v1/notifications/unread-count [36m304[0m 6.439 ms - -[0m
{"timestamp":"2026-06-26T14:14:11.599Z","level":"DEBUG","message":"Auth verified","tenantId":"uwu-main","userId":"6a27fad3891f2c8bc5abc4c3","ip":"::1","role":"super_admin","faculty":null}
{"timestamp":"2026-06-26T14:14:11.605Z","level":"DEBUG","message":"Auth verified","tenantId":"uwu-main","userId":"6a27fad3891f2c8bc5abc4c3","ip":"::1","role":"super_admin","faculty":null}
{"timestamp":"2026-06-26T14:14:11.608Z","level":"DEBUG","message":"Auth verified","tenantId":"uwu-main","userId":"6a27fad3891f2c8bc5abc4c3","ip":"::1","role":"super_admin","faculty":null}
[0mGET /api/v1/inventory/stats [32m200[0m 16.986 ms - 103[0m
[0mGET /api/v1/inventory/items?limit=20 [32m200[0m 16.059 ms - 133[0m
[0mGET /api/v1/inventory/grn?limit=5 [32m200[0m 15.865 ms - 132[0m
{"timestamp":"2026-06-26T14:14:11.620Z","level":"DEBUG","message":"Auth verified","tenantId":"uwu-main","userId":"6a27fad3891f2c8bc5abc4c3","ip":"::1","role":"super_admin","faculty":null}
{"timestamp":"2026-06-26T14:14:11.625Z","level":"DEBUG","message":"Auth verified","tenantId":"uwu-main","userId":"6a27fad3891f2c8bc5abc4c3","ip":"::1","role":"super_admin","faculty":null}
{"timestamp":"2026-06-26T14:14:11.627Z","level":"DEBUG","message":"Auth verified","tenantId":"uwu-main","userId":"6a27fad3891f2c8bc5abc4c3","ip":"::1","role":"super_admin","faculty":null}
[0mGET /api/v1/inventory/stats [36m304[0m 15.056 ms - -[0m
[0mGET /api/v1/inventory/items?limit=20 [36m304[0m 14.874 ms - -[0m
[0mGET /api/v1/inventory/grn?limit=5 [36m304[0m 14.596 ms - -[0m
{"timestamp":"2026-06-26T14:14:13.361Z","level":"DEBUG","message":"Auth verified","tenantId":"uwu-main","userId":"6a27fad3891f2c8bc5abc4c3","ip":"::1","role":"super_admin","faculty":null}
[0mGET /api/v1/procurements?status=delivery&limit=50 [32m200[0m 6.510 ms - 133[0m
{"timestamp":"2026-06-26T14:14:13.370Z","level":"DEBUG","message":"Auth verified","tenantId":"uwu-main","userId":"6a27fad3891f2c8bc5abc4c3","ip":"::1","role":"super_admin","faculty":null}
[0mGET /api/v1/procurements?status=delivery&limit=50 [36m304[0m 7.562 ms - -[0m
{"timestamp":"2026-06-26T14:14:14.805Z","level":"DEBUG","message":"Auth verified","tenantId":"uwu-main","userId":"6a27fad3891f2c8bc5abc4c3","ip":"::1","role":"super_admin","faculty":null}
{"timestamp":"2026-06-26T14:14:14.807Z","level":"DEBUG","message":"Auth verified","tenantId":"uwu-main","userId":"6a27fad3891f2c8bc5abc4c3","ip":"::1","role":"super_admin","faculty":null}
[0mGET /api/v1/inventory/issuances?limit=30 [32m200[0m 6.715 ms - 133[0m
[0mGET /api/v1/inventory/items?limit=100 [32m200[0m 7.458 ms - 134[0m
{"timestamp":"2026-06-26T14:14:14.816Z","level":"DEBUG","message":"Auth verified","tenantId":"uwu-main","userId":"6a27fad3891f2c8bc5abc4c3","ip":"::1","role":"super_admin","faculty":null}
{"timestamp":"2026-06-26T14:14:14.820Z","level":"DEBUG","message":"Auth verified","tenantId":"uwu-main","userId":"6a27fad3891f2c8bc5abc4c3","ip":"::1","role":"super_admin","faculty":null}
[0mGET /api/v1/inventory/issuances?limit=30 [36m304[0m 9.743 ms - -[0m
[0mGET /api/v1/inventory/items?limit=100 [36m304[0m 9.097 ms - -[0m
{"timestamp":"2026-06-26T14:14:16.402Z","level":"DEBUG","message":"Auth verified","tenantId":"uwu-main","userId":"6a27fad3891f2c8bc5abc4c3","ip":"::1","role":"super_admin","faculty":null}
[0mGET /api/v1/messages?type=all&limit=60 [32m200[0m 8.164 ms - 85[0m
{"timestamp":"2026-06-26T14:14:16.411Z","level":"DEBUG","message":"Auth verified","tenantId":"uwu-main","userId":"6a27fad3891f2c8bc5abc4c3","ip":"::1","role":"super_admin","faculty":null}
[0mGET /api/v1/messages?type=all&limit=60 [36m304[0m 5.934 ms - -[0m
{"timestamp":"2026-06-26T14:14:16.416Z","level":"DEBUG","message":"Auth verified","tenantId":"uwu-main","userId":"6a27fad3891f2c8bc5abc4c3","ip":"::1","role":"super_admin","faculty":null}
[0mGET /api/v1/messages/unread-count [32m200[0m 5.943 ms - 105[0m
{"timestamp":"2026-06-26T14:14:16.422Z","level":"DEBUG","message":"Auth verified","tenantId":"uwu-main","userId":"6a27fad3891f2c8bc5abc4c3","ip":"::1","role":"super_admin","faculty":null}
[0mGET /api/v1/messages/unread-count [36m304[0m 4.065 ms - -[0m
{"timestamp":"2026-06-26T14:14:16.759Z","level":"DEBUG","message":"Auth verified","tenantId":"uwu-main","userId":"6a27fad3891f2c8bc5abc4c3","ip":"::1","role":"super_admin","faculty":null}
[0mGET /api/v1/messages?type=all&limit=60 [36m304[0m 8.867 ms - -[0m
{"timestamp":"2026-06-26T14:14:16.771Z","level":"DEBUG","message":"Auth verified","tenantId":"uwu-main","userId":"6a27fad3891f2c8bc5abc4c3","ip":"::1","role":"super_admin","faculty":null}
[0mGET /api/v1/messages/unread-count [36m304[0m 3.428 ms - -[0m
{"timestamp":"2026-06-26T14:14:17.356Z","level":"DEBUG","message":"Auth verified","tenantId":"uwu-main","userId":"6a27fad3891f2c8bc5abc4c3","ip":"::1","role":"super_admin","faculty":null}
[0mGET /api/v1/documents [32m200[0m 6.622 ms - 85[0m
{"timestamp":"2026-06-26T14:14:17.363Z","level":"DEBUG","message":"Auth verified","tenantId":"uwu-main","userId":"6a27fad3891f2c8bc5abc4c3","ip":"::1","role":"super_admin","faculty":null}
[0mGET /api/v1/documents [36m304[0m 4.687 ms - -[0m
{"timestamp":"2026-06-26T14:14:17.762Z","level":"DEBUG","message":"Auth verified","tenantId":"uwu-main","userId":"6a27fad3891f2c8bc5abc4c3","ip":"::1","role":"super_admin","faculty":null}
[0mGET /api/v1/documents [36m304[0m 8.189 ms - -[0m
{"timestamp":"2026-06-26T14:14:18.451Z","level":"DEBUG","message":"Auth verified","tenantId":"uwu-main","userId":"6a27fad3891f2c8bc5abc4c3","ip":"::1","role":"super_admin","faculty":null}
{"timestamp":"2026-06-26T14:14:18.455Z","level":"DEBUG","message":"Auth verified","tenantId":"uwu-main","userId":"6a27fad3891f2c8bc5abc4c3","ip":"::1","role":"super_admin","faculty":null}
{"timestamp":"2026-06-26T14:14:18.458Z","level":"DEBUG","message":"Auth verified","tenantId":"uwu-main","userId":"6a27fad3891f2c8bc5abc4c3","ip":"::1","role":"super_admin","faculty":null}
[0mGET /api/v1/ai/explainability-logs/stats [32m200[0m 18.180 ms - 431[0m
[0mGET /api/v1/procurements?limit=50 [32m200[0m 22.268 ms - 2259[0m
{"timestamp":"2026-06-26T14:14:18.476Z","level":"DEBUG","message":"Auth verified","tenantId":"uwu-main","userId":"6a27fad3891f2c8bc5abc4c3","ip":"::1","role":"super_admin","faculty":null}
[0mGET /api/v1/tenders?limit=50 [32m200[0m 32.299 ms - 3543[0m
{"timestamp":"2026-06-26T14:14:18.481Z","level":"DEBUG","message":"Auth verified","tenantId":"uwu-main","userId":"6a27fad3891f2c8bc5abc4c3","ip":"::1","role":"super_admin","faculty":null}
[0mGET /api/v1/ai/explainability-logs/stats [32m200[0m 12.498 ms - 431[0m
{"timestamp":"2026-06-26T14:14:18.488Z","level":"DEBUG","message":"Auth verified","tenantId":"uwu-main","userId":"6a27fad3891f2c8bc5abc4c3","ip":"::1","role":"super_admin","faculty":null}
[0mGET /api/v1/procurements?limit=50 [36m304[0m 16.620 ms - -[0m
[0mGET /api/v1/tenders?limit=50 [36m304[0m 15.232 ms - -[0m
{"timestamp":"2026-06-26T14:14:22.847Z","level":"DEBUG","message":"Auth verified","tenantId":"uwu-main","userId":"6a27fad3891f2c8bc5abc4c3","ip":"::1","role":"super_admin","faculty":null}
[0mGET /api/v1/notifications/unread-count [36m304[0m 6.360 ms - -[0m
{"timestamp":"2026-06-26T14:14:42.855Z","level":"DEBUG","message":"Auth verified","tenantId":"uwu-main","userId":"6a27fad3891f2c8bc5abc4c3","ip":"::1","role":"super_admin","faculty":null}
[0mGET /api/v1/notifications/unread-count [36m304[0m 6.206 ms - -[0m
{"timestamp":"2026-06-26T14:15:02.851Z","level":"DEBUG","message":"Auth verified","tenantId":"uwu-main","userId":"6a27fad3891f2c8bc5abc4c3","ip":"::1","role":"super_admin","faculty":null}
[0mGET /api/v1/notifications/unread-count [36m304[0m 6.050 ms - -[0m
{"timestamp":"2026-06-26T14:15:10.863Z","level":"DEBUG","message":"Auth verified","tenantId":"uwu-main","userId":"6a27fad3891f2c8bc5abc4c3","ip":"::1","role":"super_admin","faculty":null}
{"timestamp":"2026-06-26T14:15:17.646Z","level":"INFO","message":"Generating high-fidelity local GOSL procurement intelligence simulation..."}
{"timestamp":"2026-06-26T14:15:22.852Z","level":"DEBUG","message":"Auth verified","tenantId":"uwu-main","userId":"6a27fad3891f2c8bc5abc4c3","ip":"::1","role":"super_admin","faculty":null}
[0mGET /api/v1/notifications/unread-count [36m304[0m 6.084 ms - -[0m
{"timestamp":"2026-06-26T14:15:24.388Z","level":"INFO","message":"Generating high-fidelity local GOSL procurement intelligence simulation..."}
[0mPOST /api/v1/ai/market-price [32m200[0m 13529.552 ms - 2970[0m
{"timestamp":"2026-06-26T14:15:42.854Z","level":"DEBUG","message":"Auth verified","tenantId":"uwu-main","userId":"6a27fad3891f2c8bc5abc4c3","ip":"::1","role":"super_admin","faculty":null}
[0mGET /api/v1/notifications/unread-count [36m304[0m 7.666 ms - -[0m
{"timestamp":"2026-06-26T14:16:02.856Z","level":"DEBUG","message":"Auth verified","tenantId":"uwu-main","userId":"6a27fad3891f2c8bc5abc4c3","ip":"::1","role":"super_admin","faculty":null}
[0mGET /api/v1/notifications/unread-count [36m304[0m 6.511 ms - -[0m
{"timestamp":"2026-06-26T14:16:11.710Z","level":"DEBUG","message":"Auth verified","tenantId":"uwu-main","userId":"6a27fad3891f2c8bc5abc4c3","ip":"::1","role":"super_admin","faculty":null}
{"timestamp":"2026-06-26T14:16:18.481Z","level":"INFO","message":"Generating high-fidelity local GOSL procurement intelligence simulation..."}
{"timestamp":"2026-06-26T14:16:22.861Z","level":"DEBUG","message":"Auth verified","tenantId":"uwu-main","userId":"6a27fad3891f2c8bc5abc4c3","ip":"::1","role":"super_admin","faculty":null}
[0mGET /api/v1/notifications/unread-count [36m304[0m 5.733 ms - -[0m
{"timestamp":"2026-06-26T14:16:25.223Z","level":"INFO","message":"Generating high-fidelity local GOSL procurement intelligence simulation..."}
[0mPOST /api/v1/ai/market-price [32m200[0m 13517.163 ms - 2968[0m
{"timestamp":"2026-06-26T14:16:42.856Z","level":"DEBUG","message":"Auth verified","tenantId":"uwu-main","userId":"6a27fad3891f2c8bc5abc4c3","ip":"::1","role":"super_admin","faculty":null}
[0mGET /api/v1/notifications/unread-count [36m304[0m 4.253 ms - -[0m
{"timestamp":"2026-06-26T14:17:02.851Z","level":"DEBUG","message":"Auth verified","tenantId":"uwu-main","userId":"6a27fad3891f2c8bc5abc4c3","ip":"::1","role":"super_admin","faculty":null}
[0mGET /api/v1/notifications/unread-count [36m304[0m 5.706 ms - -[0m
{"timestamp":"2026-06-26T14:17:04.707Z","level":"DEBUG","message":"Auth verified","tenantId":"uwu-main","userId":"6a27fad3891f2c8bc5abc4c3","ip":"::1","role":"super_admin","faculty":null}
{"timestamp":"2026-06-26T14:17:11.405Z","level":"INFO","message":"Generating high-fidelity local GOSL procurement intelligence simulation..."}
{"timestamp":"2026-06-26T14:17:18.132Z","level":"INFO","message":"Generating high-fidelity local GOSL procurement intelligence simulation..."}
[0mPOST /api/v1/ai/market-price [32m200[0m 13430.855 ms - 2998[0m
{"timestamp":"2026-06-26T14:17:22.852Z","level":"DEBUG","message":"Auth verified","tenantId":"uwu-main","userId":"6a27fad3891f2c8bc5abc4c3","ip":"::1","role":"super_admin","faculty":null}
[0mGET /api/v1/notifications/unread-count [36m304[0m 6.419 ms - -[0m
{"timestamp":"2026-06-26T14:17:25.126Z","level":"DEBUG","message":"Auth verified","tenantId":"uwu-main","userId":"6a27fad3891f2c8bc5abc4c3","ip":"::1","role":"super_admin","faculty":null}
[0mGET /api/v1/notifications/unread-count [36m304[0m 7.748 ms - -[0m
{"timestamp":"2026-06-26T14:17:25.135Z","level":"DEBUG","message":"Auth verified","tenantId":"uwu-main","userId":"6a27fad3891f2c8bc5abc4c3","ip":"::1","role":"super_admin","faculty":null}
[0mGET /api/v1/notifications/unread-count [36m304[0m 7.468 ms - -[0m
{"timestamp":"2026-06-26T14:17:41.486Z","level":"DEBUG","message":"Auth verified","tenantId":"uwu-main","userId":"6a27fad3891f2c8bc5abc4c3","ip":"::1","role":"super_admin","faculty":null}
{"timestamp":"2026-06-26T14:17:45.127Z","level":"DEBUG","message":"Auth verified","tenantId":"uwu-main","userId":"6a27fad3891f2c8bc5abc4c3","ip":"::1","role":"super_admin","faculty":null}
[0mGET /api/v1/notifications/unread-count [36m304[0m 5.681 ms - -[0m
{"timestamp":"2026-06-26T14:17:48.279Z","level":"INFO","message":"Generating high-fidelity local GOSL procurement intelligence simulation..."}
{"timestamp":"2026-06-26T14:17:54.988Z","level":"INFO","message":"Generating high-fidelity local GOSL procurement intelligence simulation..."}
[0mPOST /api/v1/ai/market-price [32m200[0m 13508.803 ms - 2973[0m
{"timestamp":"2026-06-26T14:18:05.131Z","level":"DEBUG","message":"Auth verified","tenantId":"uwu-main","userId":"6a27fad3891f2c8bc5abc4c3","ip":"::1","role":"super_admin","faculty":null}
[0mGET /api/v1/notifications/unread-count [36m304[0m 6.160 ms - -[0m
{"timestamp":"2026-06-26T14:18:06.089Z","level":"DEBUG","message":"Auth verified","tenantId":"uwu-main","userId":"6a27fad3891f2c8bc5abc4c3","ip":"::1","role":"super_admin","faculty":null}
[0mGET /api/v1/procurements?page=1&limit=10 [36m304[0m 9.942 ms - -[0m
{"timestamp":"2026-06-26T14:18:06.102Z","level":"DEBUG","message":"Auth verified","tenantId":"uwu-main","userId":"6a27fad3891f2c8bc5abc4c3","ip":"::1","role":"super_admin","faculty":null}
[0mGET /api/v1/procurements?page=1&limit=10 [36m304[0m 8.612 ms - -[0m
{"timestamp":"2026-06-26T14:18:07.042Z","level":"DEBUG","message":"Auth verified","tenantId":"uwu-main","userId":"6a27fad3891f2c8bc5abc4c3","ip":"::1","role":"super_admin","faculty":null}
[0mGET /api/v1/tenders [32m200[0m 13.971 ms - 3543[0m
{"timestamp":"2026-06-26T14:18:07.058Z","level":"DEBUG","message":"Auth verified","tenantId":"uwu-main","userId":"6a27fad3891f2c8bc5abc4c3","ip":"::1","role":"super_admin","faculty":null}
[0mGET /api/v1/tenders [36m304[0m 13.428 ms - -[0m
{"timestamp":"2026-06-26T14:18:07.487Z","level":"DEBUG","message":"Auth verified","tenantId":"uwu-main","userId":"6a27fad3891f2c8bc5abc4c3","ip":"::1","role":"super_admin","faculty":null}
[0mGET /api/v1/tenders?status=published,bidding [36m304[0m 6.138 ms - -[0m
{"timestamp":"2026-06-26T14:18:07.495Z","level":"DEBUG","message":"Auth verified","tenantId":"uwu-main","userId":"6a27fad3891f2c8bc5abc4c3","ip":"::1","role":"super_admin","faculty":null}
[0mGET /api/v1/tenders?status=published,bidding [36m304[0m 5.907 ms - -[0m
{"timestamp":"2026-06-26T14:18:08.406Z","level":"DEBUG","message":"Auth verified","tenantId":"uwu-main","userId":"6a27fad3891f2c8bc5abc4c3","ip":"::1","role":"super_admin","faculty":null}
[0mGET /api/v1/procurements/pending-approvals [36m304[0m 6.961 ms - -[0m
{"timestamp":"2026-06-26T14:18:08.414Z","level":"DEBUG","message":"Auth verified","tenantId":"uwu-main","userId":"6a27fad3891f2c8bc5abc4c3","ip":"::1","role":"super_admin","faculty":null}
[0mGET /api/v1/procurements/pending-approvals [36m304[0m 6.894 ms - -[0m
{"timestamp":"2026-06-26T14:18:09.765Z","level":"DEBUG","message":"Auth verified","tenantId":"uwu-main","userId":"6a27fad3891f2c8bc5abc4c3","ip":"::1","role":"super_admin","faculty":null}
{"timestamp":"2026-06-26T14:18:09.769Z","level":"DEBUG","message":"Auth verified","tenantId":"uwu-main","userId":"6a27fad3891f2c8bc5abc4c3","ip":"::1","role":"super_admin","faculty":null}
[0mGET /api/v1/annual-plans?status=distribution_complete [32m200[0m 9.203 ms - 133[0m
[0mGET /api/v1/budget-allocations/my-budget [36m304[0m 8.325 ms - -[0m
{"timestamp":"2026-06-26T14:18:09.775Z","level":"DEBUG","message":"Auth verified","tenantId":"uwu-main","userId":"6a27fad3891f2c8bc5abc4c3","ip":"::1","role":"super_admin","faculty":null}
{"timestamp":"2026-06-26T14:18:09.777Z","level":"DEBUG","message":"Auth verified","tenantId":"uwu-main","userId":"6a27fad3891f2c8bc5abc4c3","ip":"::1","role":"super_admin","faculty":null}
[0mGET /api/v1/annual-plans?status=distribution_complete [36m304[0m 4.975 ms - -[0m
[0mGET /api/v1/budget-allocations/my-budget [36m304[0m 4.577 ms - -[0m
{"timestamp":"2026-06-26T14:18:25.135Z","level":"DEBUG","message":"Auth verified","tenantId":"uwu-main","userId":"6a27fad3891f2c8bc5abc4c3","ip":"::1","role":"super_admin","faculty":null}
[0mGET /api/v1/notifications/unread-count [36m304[0m 5.633 ms - -[0m
{"timestamp":"2026-06-26T14:18:45.130Z","level":"DEBUG","message":"Auth verified","tenantId":"uwu-main","userId":"6a27fad3891f2c8bc5abc4c3","ip":"::1","role":"super_admin","faculty":null}
[0mGET /api/v1/notifications/unread-count [36m304[0m 6.217 ms - -[0m
{"timestamp":"2026-06-26T14:19:05.144Z","level":"DEBUG","message":"Auth verified","tenantId":"uwu-main","userId":"6a27fad3891f2c8bc5abc4c3","ip":"::1","role":"super_admin","faculty":null}
[0mGET /api/v1/notifications/unread-count [36m304[0m 8.536 ms - -[0m
{"timestamp":"2026-06-26T14:19:08.591Z","level":"DEBUG","message":"Auth verified","tenantId":"uwu-main","userId":"6a27fad3891f2c8bc5abc4c3","ip":"::1","role":"super_admin","faculty":null}
{"timestamp":"2026-06-26T14:19:15.341Z","level":"INFO","message":"Generating high-fidelity local GOSL procurement intelligence simulation..."}
{"timestamp":"2026-06-26T14:19:21.956Z","level":"INFO","message":"Generating high-fidelity local GOSL procurement intelligence simulation..."}
[0mPOST /api/v1/ai/market-price [32m200[0m 13372.042 ms - 2976[0m
{"timestamp":"2026-06-26T14:19:25.127Z","level":"DEBUG","message":"Auth verified","tenantId":"uwu-main","userId":"6a27fad3891f2c8bc5abc4c3","ip":"::1","role":"super_admin","faculty":null}
[0mGET /api/v1/notifications/unread-count [36m304[0m 11.922 ms - -[0m
{"timestamp":"2026-06-26T14:19:45.132Z","level":"DEBUG","message":"Auth verified","tenantId":"uwu-main","userId":"6a27fad3891f2c8bc5abc4c3","ip":"::1","role":"super_admin","faculty":null}
[0mGET /api/v1/notifications/unread-count [36m304[0m 7.473 ms - -[0m
{"timestamp":"2026-06-26T14:19:46.730Z","level":"DEBUG","message":"Auth verified","tenantId":"uwu-main","userId":"6a27fad3891f2c8bc5abc4c3","ip":"::1","role":"super_admin","faculty":null}
{"timestamp":"2026-06-26T14:19:46.742Z","level":"DEBUG","message":"Auth verified","tenantId":"uwu-main","userId":"6a27fad3891f2c8bc5abc4c3","ip":"::1","role":"super_admin","faculty":null}
{"timestamp":"2026-06-26T14:19:46.745Z","level":"DEBUG","message":"Auth verified","tenantId":"uwu-main","userId":"6a27fad3891f2c8bc5abc4c3","ip":"::1","role":"super_admin","faculty":null}
{"timestamp":"2026-06-26T14:19:46.748Z","level":"DEBUG","message":"Auth verified","tenantId":"uwu-main","userId":"6a27fad3891f2c8bc5abc4c3","ip":"::1","role":"super_admin","faculty":null}
{"timestamp":"2026-06-26T14:19:46.750Z","level":"DEBUG","message":"Auth verified","tenantId":"uwu-main","userId":"6a27fad3891f2c8bc5abc4c3","ip":"::1","role":"super_admin","faculty":null}
[0mGET /api/v1/master-plans?limit=1 [36m304[0m 24.428 ms - -[0m
[0mGET /api/v1/master-plans/pending [36m304[0m 16.541 ms - -[0m
[0mGET /api/v1/annual-plans/pending [36m304[0m 16.472 ms - -[0m
[0mGET /api/v1/budget-allocations/my-budget [36m304[0m 16.545 ms - -[0m
[0mGET /api/v1/annual-plans?limit=1 [36m304[0m 24.018 ms - -[0m
{"timestamp":"2026-06-26T14:19:46.767Z","level":"DEBUG","message":"Auth verified","tenantId":"uwu-main","userId":"6a27fad3891f2c8bc5abc4c3","ip":"::1","role":"super_admin","faculty":null}
{"timestamp":"2026-06-26T14:19:46.771Z","level":"DEBUG","message":"Auth verified","tenantId":"uwu-main","userId":"6a27fad3891f2c8bc5abc4c3","ip":"::1","role":"super_admin","faculty":null}
{"timestamp":"2026-06-26T14:19:46.772Z","level":"DEBUG","message":"Auth verified","tenantId":"uwu-main","userId":"6a27fad3891f2c8bc5abc4c3","ip":"::1","role":"super_admin","faculty":null}
{"timestamp":"2026-06-26T14:19:46.773Z","level":"DEBUG","message":"Auth verified","tenantId":"uwu-main","userId":"6a27fad3891f2c8bc5abc4c3","ip":"::1","role":"super_admin","faculty":null}
{"timestamp":"2026-06-26T14:19:46.777Z","level":"DEBUG","message":"Auth verified","tenantId":"uwu-main","userId":"6a27fad3891f2c8bc5abc4c3","ip":"::1","role":"super_admin","faculty":null}
[0mGET /api/v1/master-plans/pending [36m304[0m 16.810 ms - -[0m
[0mGET /api/v1/annual-plans/pending [36m304[0m 14.924 ms - -[0m
[0mGET /api/v1/budget-allocations/my-budget [36m304[0m 14.155 ms - -[0m
[0mGET /api/v1/master-plans?limit=1 [36m304[0m 24.082 ms - -[0m
[0mGET /api/v1/annual-plans?limit=1 [36m304[0m 15.642 ms - -[0m
{"timestamp":"2026-06-26T14:19:50.150Z","level":"DEBUG","message":"Auth verified","tenantId":"uwu-main","userId":"6a27fad3891f2c8bc5abc4c3","ip":"::1","role":"super_admin","faculty":null}
{"timestamp":"2026-06-26T14:19:50.152Z","level":"DEBUG","message":"Auth verified","tenantId":"uwu-main","userId":"6a27fad3891f2c8bc5abc4c3","ip":"::1","role":"super_admin","faculty":null}
{"timestamp":"2026-06-26T14:19:50.153Z","level":"DEBUG","message":"Auth verified","tenantId":"uwu-main","userId":"6a27fad3891f2c8bc5abc4c3","ip":"::1","role":"super_admin","faculty":null}
{"timestamp":"2026-06-26T14:19:50.156Z","level":"DEBUG","message":"Auth verified","tenantId":"uwu-main","userId":"6a27fad3891f2c8bc5abc4c3","ip":"::1","role":"super_admin","faculty":null}
[0mGET /api/v1/master-plans/pending [36m304[0m 10.870 ms - -[0m
[0mGET /api/v1/annual-plans/pending [36m304[0m 13.559 ms - -[0m
[0mGET /api/v1/master-plans?limit=5 [36m304[0m 18.632 ms - -[0m
[0mGET /api/v1/annual-plans?limit=5 [36m304[0m 19.638 ms - -[0m
{"timestamp":"2026-06-26T14:19:50.170Z","level":"DEBUG","message":"Auth verified","tenantId":"uwu-main","userId":"6a27fad3891f2c8bc5abc4c3","ip":"::1","role":"super_admin","faculty":null}
{"timestamp":"2026-06-26T14:19:50.179Z","level":"DEBUG","message":"Auth verified","tenantId":"uwu-main","userId":"6a27fad3891f2c8bc5abc4c3","ip":"::1","role":"super_admin","faculty":null}
[0mGET /api/v1/master-plans/pending [36m304[0m 18.658 ms - -[0m
{"timestamp":"2026-06-26T14:19:50.183Z","level":"DEBUG","message":"Auth verified","tenantId":"uwu-main","userId":"6a27fad3891f2c8bc5abc4c3","ip":"::1","role":"super_admin","faculty":null}
{"timestamp":"2026-06-26T14:19:50.185Z","level":"DEBUG","message":"Auth verified","tenantId":"uwu-main","userId":"6a27fad3891f2c8bc5abc4c3","ip":"::1","role":"super_admin","faculty":null}
[0mGET /api/v1/annual-plans/pending [36m304[0m 18.442 ms - -[0m
[0mGET /api/v1/master-plans?limit=5 [36m304[0m 21.253 ms - -[0m
[0mGET /api/v1/annual-plans?limit=5 [36m304[0m 22.853 ms - -[0m
{"timestamp":"2026-06-26T14:19:50.794Z","level":"DEBUG","message":"Auth verified","tenantId":"uwu-main","userId":"6a27fad3891f2c8bc5abc4c3","ip":"::1","role":"super_admin","faculty":null}
[0mGET /api/v1/master-plans?limit=50 [36m304[0m 10.226 ms - -[0m
{"timestamp":"2026-06-26T14:19:50.804Z","level":"DEBUG","message":"Auth verified","tenantId":"uwu-main","userId":"6a27fad3891f2c8bc5abc4c3","ip":"::1","role":"super_admin","faculty":null}
[0mGET /api/v1/master-plans?limit=50 [36m304[0m 6.345 ms - -[0m
{"timestamp":"2026-06-26T14:19:51.341Z","level":"DEBUG","message":"Auth verified","tenantId":"uwu-main","userId":"6a27fad3891f2c8bc5abc4c3","ip":"::1","role":"super_admin","faculty":null}
[0mGET /api/v1/annual-plans?limit=50 [36m304[0m 8.498 ms - -[0m
{"timestamp":"2026-06-26T14:19:51.351Z","level":"DEBUG","message":"Auth verified","tenantId":"uwu-main","userId":"6a27fad3891f2c8bc5abc4c3","ip":"::1","role":"super_admin","faculty":null}
[0mGET /api/v1/annual-plans?limit=50 [36m304[0m 6.254 ms - -[0m
{"timestamp":"2026-06-26T14:19:52.443Z","level":"DEBUG","message":"Auth verified","tenantId":"uwu-main","userId":"6a27fad3891f2c8bc5abc4c3","ip":"::1","role":"super_admin","faculty":null}
{"timestamp":"2026-06-26T14:19:52.447Z","level":"DEBUG","message":"Auth verified","tenantId":"uwu-main","userId":"6a27fad3891f2c8bc5abc4c3","ip":"::1","role":"super_admin","faculty":null}
[0mGET /api/v1/budget-allocations [36m304[0m 9.697 ms - -[0m
[0mGET /api/v1/annual-plans?status=budget_received [36m304[0m 9.612 ms - -[0m
{"timestamp":"2026-06-26T14:19:52.454Z","level":"DEBUG","message":"Auth verified","tenantId":"uwu-main","userId":"6a27fad3891f2c8bc5abc4c3","ip":"::1","role":"super_admin","faculty":null}
{"timestamp":"2026-06-26T14:19:52.455Z","level":"DEBUG","message":"Auth verified","tenantId":"uwu-main","userId":"6a27fad3891f2c8bc5abc4c3","ip":"::1","role":"super_admin","faculty":null}
[0mGET /api/v1/budget-allocations [36m304[0m 4.741 ms - -[0m
[0mGET /api/v1/annual-plans?status=budget_received [36m304[0m 4.409 ms - -[0m
{"timestamp":"2026-06-26T14:19:55.722Z","level":"DEBUG","message":"Auth verified","tenantId":"uwu-main","userId":"6a27fad3891f2c8bc5abc4c3","ip":"::1","role":"super_admin","faculty":null}
[0mGET /api/v1/contracts/deliveries [36m304[0m 12.938 ms - -[0m
{"timestamp":"2026-06-26T14:19:55.738Z","level":"DEBUG","message":"Auth verified","tenantId":"uwu-main","userId":"6a27fad3891f2c8bc5abc4c3","ip":"::1","role":"super_admin","faculty":null}
[0mGET /api/v1/contracts/deliveries [36m304[0m 11.298 ms - -[0m
{"timestamp":"2026-06-26T14:19:56.527Z","level":"DEBUG","message":"Auth verified","tenantId":"uwu-main","userId":"6a27fad3891f2c8bc5abc4c3","ip":"::1","role":"super_admin","faculty":null}
{"timestamp":"2026-06-26T14:19:56.531Z","level":"DEBUG","message":"Auth verified","tenantId":"uwu-main","userId":"6a27fad3891f2c8bc5abc4c3","ip":"::1","role":"super_admin","faculty":null}
[0mGET /api/v1/payments [36m304[0m 14.826 ms - -[0m
[0mGET /api/v1/contracts?status=active [36m304[0m 15.182 ms - -[0m
{"timestamp":"2026-06-26T14:19:56.546Z","level":"DEBUG","message":"Auth verified","tenantId":"uwu-main","userId":"6a27fad3891f2c8bc5abc4c3","ip":"::1","role":"super_admin","faculty":null}
{"timestamp":"2026-06-26T14:19:56.548Z","level":"DEBUG","message":"Auth verified","tenantId":"uwu-main","userId":"6a27fad3891f2c8bc5abc4c3","ip":"::1","role":"super_admin","faculty":null}
[0mGET /api/v1/payments [36m304[0m 11.475 ms - -[0m
[0mGET /api/v1/contracts?status=active [36m304[0m 11.144 ms - -[0m
{"timestamp":"2026-06-26T14:20:01.182Z","level":"DEBUG","message":"Auth verified","tenantId":"uwu-main","userId":"6a27fad3891f2c8bc5abc4c3","ip":"::1","role":"super_admin","faculty":null}
{"timestamp":"2026-06-26T14:20:01.190Z","level":"DEBUG","message":"Auth verified","tenantId":"uwu-main","userId":"6a27fad3891f2c8bc5abc4c3","ip":"::1","role":"super_admin","faculty":null}
{"timestamp":"2026-06-26T14:20:01.194Z","level":"DEBUG","message":"Auth verified","tenantId":"uwu-main","userId":"6a27fad3891f2c8bc5abc4c3","ip":"::1","role":"super_admin","faculty":null}
[0mGET /api/v1/inventory/stats [36m304[0m 20.400 ms - -[0m
[0mGET /api/v1/inventory/items?limit=20 [36m304[0m 20.420 ms - -[0m
[0mGET /api/v1/inventory/grn?limit=5 [36m304[0m 21.013 ms - -[0m
{"timestamp":"2026-06-26T14:20:01.211Z","level":"DEBUG","message":"Auth verified","tenantId":"uwu-main","userId":"6a27fad3891f2c8bc5abc4c3","ip":"::1","role":"super_admin","faculty":null}
{"timestamp":"2026-06-26T14:20:01.213Z","level":"DEBUG","message":"Auth verified","tenantId":"uwu-main","userId":"6a27fad3891f2c8bc5abc4c3","ip":"::1","role":"super_admin","faculty":null}
{"timestamp":"2026-06-26T14:20:01.215Z","level":"DEBUG","message":"Auth verified","tenantId":"uwu-main","userId":"6a27fad3891f2c8bc5abc4c3","ip":"::1","role":"super_admin","faculty":null}
[0mGET /api/v1/inventory/stats [36m304[0m 15.485 ms - -[0m
[0mGET /api/v1/inventory/items?limit=20 [36m304[0m 14.583 ms - -[0m
[0mGET /api/v1/inventory/grn?limit=5 [36m304[0m 12.182 ms - -[0m
{"timestamp":"2026-06-26T14:20:02.414Z","level":"DEBUG","message":"Auth verified","tenantId":"uwu-main","userId":"6a27fad3891f2c8bc5abc4c3","ip":"::1","role":"super_admin","faculty":null}
[0mGET /api/v1/procurements?status=delivery&limit=50 [36m304[0m 7.666 ms - -[0m
{"timestamp":"2026-06-26T14:20:02.426Z","level":"DEBUG","message":"Auth verified","tenantId":"uwu-main","userId":"6a27fad3891f2c8bc5abc4c3","ip":"::1","role":"super_admin","faculty":null}
[0mGET /api/v1/procurements?status=delivery&limit=50 [36m304[0m 6.342 ms - -[0m
{"timestamp":"2026-06-26T14:20:03.371Z","level":"DEBUG","message":"Auth verified","tenantId":"uwu-main","userId":"6a27fad3891f2c8bc5abc4c3","ip":"::1","role":"super_admin","faculty":null}
{"timestamp":"2026-06-26T14:20:03.374Z","level":"DEBUG","message":"Auth verified","tenantId":"uwu-main","userId":"6a27fad3891f2c8bc5abc4c3","ip":"::1","role":"super_admin","faculty":null}
[0mGET /api/v1/inventory/issuances?limit=30 [36m304[0m 6.401 ms - -[0m
[0mGET /api/v1/inventory/items?limit=100 [36m304[0m 6.419 ms - -[0m
{"timestamp":"2026-06-26T14:20:03.381Z","level":"DEBUG","message":"Auth verified","tenantId":"uwu-main","userId":"6a27fad3891f2c8bc5abc4c3","ip":"::1","role":"super_admin","faculty":null}
{"timestamp":"2026-06-26T14:20:03.383Z","level":"DEBUG","message":"Auth verified","tenantId":"uwu-main","userId":"6a27fad3891f2c8bc5abc4c3","ip":"::1","role":"super_admin","faculty":null}
[0mGET /api/v1/inventory/issuances?limit=30 [36m304[0m 9.149 ms - -[0m
[0mGET /api/v1/inventory/items?limit=100 [36m304[0m 7.843 ms - -[0m
{"timestamp":"2026-06-26T14:20:04.224Z","level":"DEBUG","message":"Auth verified","tenantId":"uwu-main","userId":"6a27fad3891f2c8bc5abc4c3","ip":"::1","role":"super_admin","faculty":null}
[0mGET /api/v1/messages?type=all&limit=60 [36m304[0m 6.761 ms - -[0m
{"timestamp":"2026-06-26T14:20:04.232Z","level":"DEBUG","message":"Auth verified","tenantId":"uwu-main","userId":"6a27fad3891f2c8bc5abc4c3","ip":"::1","role":"super_admin","faculty":null}
[0mGET /api/v1/messages?type=all&limit=60 [36m304[0m 5.470 ms - -[0m
{"timestamp":"2026-06-26T14:20:04.239Z","level":"DEBUG","message":"Auth verified","tenantId":"uwu-main","userId":"6a27fad3891f2c8bc5abc4c3","ip":"::1","role":"super_admin","faculty":null}
[0mGET /api/v1/messages/unread-count [36m304[0m 6.100 ms - -[0m
{"timestamp":"2026-06-26T14:20:04.247Z","level":"DEBUG","message":"Auth verified","tenantId":"uwu-main","userId":"6a27fad3891f2c8bc5abc4c3","ip":"::1","role":"super_admin","faculty":null}
[0mGET /api/v1/messages/unread-count [36m304[0m 4.033 ms - -[0m
{"timestamp":"2026-06-26T14:20:04.579Z","level":"DEBUG","message":"Auth verified","tenantId":"uwu-main","userId":"6a27fad3891f2c8bc5abc4c3","ip":"::1","role":"super_admin","faculty":null}
[0mGET /api/v1/messages?type=all&limit=60 [36m304[0m 6.361 ms - -[0m
{"timestamp":"2026-06-26T14:20:04.588Z","level":"DEBUG","message":"Auth verified","tenantId":"uwu-main","userId":"6a27fad3891f2c8bc5abc4c3","ip":"::1","role":"super_admin","faculty":null}
[0mGET /api/v1/messages/unread-count [36m304[0m 4.108 ms - -[0m
{"timestamp":"2026-06-26T14:20:04.739Z","level":"DEBUG","message":"Auth verified","tenantId":"uwu-main","userId":"6a27fad3891f2c8bc5abc4c3","ip":"::1","role":"super_admin","faculty":null}
[0mGET /api/v1/documents [36m304[0m 6.312 ms - -[0m
{"timestamp":"2026-06-26T14:20:04.747Z","level":"DEBUG","message":"Auth verified","tenantId":"uwu-main","userId":"6a27fad3891f2c8bc5abc4c3","ip":"::1","role":"super_admin","faculty":null}
[0mGET /api/v1/documents [36m304[0m 4.400 ms - -[0m
{"timestamp":"2026-06-26T14:20:05.131Z","level":"DEBUG","message":"Auth verified","tenantId":"uwu-main","userId":"6a27fad3891f2c8bc5abc4c3","ip":"::1","role":"super_admin","faculty":null}
[0mGET /api/v1/notifications/unread-count [36m304[0m 7.799 ms - -[0m
{"timestamp":"2026-06-26T14:20:05.143Z","level":"DEBUG","message":"Auth verified","tenantId":"uwu-main","userId":"6a27fad3891f2c8bc5abc4c3","ip":"::1","role":"super_admin","faculty":null}
[0mGET /api/v1/documents [36m304[0m 4.122 ms - -[0m
{"timestamp":"2026-06-26T14:20:06.622Z","level":"DEBUG","message":"Auth verified","tenantId":"uwu-main","userId":"6a27fad3891f2c8bc5abc4c3","ip":"::1","role":"super_admin","faculty":null}
{"timestamp":"2026-06-26T14:20:06.627Z","level":"DEBUG","message":"Auth verified","tenantId":"uwu-main","userId":"6a27fad3891f2c8bc5abc4c3","ip":"::1","role":"super_admin","faculty":null}
{"timestamp":"2026-06-26T14:20:06.629Z","level":"DEBUG","message":"Auth verified","tenantId":"uwu-main","userId":"6a27fad3891f2c8bc5abc4c3","ip":"::1","role":"super_admin","faculty":null}
[0mGET /api/v1/ai/explainability-logs/stats [32m200[0m 15.307 ms - 445[0m
[0mGET /api/v1/procurements?limit=50 [36m304[0m 21.034 ms - -[0m
{"timestamp":"2026-06-26T14:20:06.650Z","level":"DEBUG","message":"Auth verified","tenantId":"uwu-main","userId":"6a27fad3891f2c8bc5abc4c3","ip":"::1","role":"super_admin","faculty":null}
[0mGET /api/v1/tenders?limit=50 [36m304[0m 31.572 ms - -[0m
{"timestamp":"2026-06-26T14:20:06.653Z","level":"DEBUG","message":"Auth verified","tenantId":"uwu-main","userId":"6a27fad3891f2c8bc5abc4c3","ip":"::1","role":"super_admin","faculty":null}
[0mGET /api/v1/ai/explainability-logs/stats [32m200[0m 11.181 ms - 445[0m
{"timestamp":"2026-06-26T14:20:06.660Z","level":"DEBUG","message":"Auth verified","tenantId":"uwu-main","userId":"6a27fad3891f2c8bc5abc4c3","ip":"::1","role":"super_admin","faculty":null}
[0mGET /api/v1/procurements?limit=50 [36m304[0m 13.621 ms - -[0m
[0mGET /api/v1/tenders?limit=50 [36m304[0m 25.689 ms - -[0m
[0mGET /api/v1/procurements/public [36m304[0m 1.702 ms - -[0m
[0mGET /api/v1/procurements/public [36m304[0m 1.796 ms - -[0m
{"timestamp":"2026-06-26T14:20:08.375Z","level":"DEBUG","message":"Auth verified","tenantId":"uwu-main","userId":"6a27fad3891f2c8bc5abc4c3","ip":"::1","role":"super_admin","faculty":null}
{"timestamp":"2026-06-26T14:20:08.380Z","level":"DEBUG","message":"Auth verified","tenantId":"uwu-main","userId":"6a27fad3891f2c8bc5abc4c3","ip":"::1","role":"super_admin","faculty":null}
[0mGET /api/v1/users?page=1&limit=20 [32m200[0m 13.950 ms - 10003[0m
[0mGET /api/v1/users/stats [32m200[0m 13.367 ms - 318[0m
{"timestamp":"2026-06-26T14:20:08.392Z","level":"DEBUG","message":"Auth verified","tenantId":"uwu-main","userId":"6a27fad3891f2c8bc5abc4c3","ip":"::1","role":"super_admin","faculty":null}
{"timestamp":"2026-06-26T14:20:08.394Z","level":"DEBUG","message":"Auth verified","tenantId":"uwu-main","userId":"6a27fad3891f2c8bc5abc4c3","ip":"::1","role":"super_admin","faculty":null}
[0mGET /api/v1/users?page=1&limit=20 [36m304[0m 9.922 ms - -[0m
[0mGET /api/v1/users/stats [32m200[0m 9.508 ms - 318[0m
{"timestamp":"2026-06-26T14:20:08.777Z","level":"DEBUG","message":"Auth verified","tenantId":"uwu-main","userId":"6a27fad3891f2c8bc5abc4c3","ip":"::1","role":"super_admin","faculty":null}
[0mGET /api/v1/vendors [32m200[0m 8.048 ms - 1817[0m
{"timestamp":"2026-06-26T14:20:08.787Z","level":"DEBUG","message":"Auth verified","tenantId":"uwu-main","userId":"6a27fad3891f2c8bc5abc4c3","ip":"::1","role":"super_admin","faculty":null}
[0mGET /api/v1/vendors [36m304[0m 5.287 ms - -[0m
[0mGET /api/v1/procurements/public [36m304[0m 2.318 ms - -[0m
[0mGET /api/v1/procurements/public [36m304[0m 2.239 ms - -[0m
[0mGET /api/v1/procurements/public [36m304[0m 8.693 ms - -[0m
[0mGET /api/v1/procurements/public [36m304[0m 2.571 ms - -[0m
{"timestamp":"2026-06-26T15:00:24.059Z","level":"AUDIT","message":"USER_LOGIN by 6a27fad3891f2c8bc5abc4c3","userId":"6a27fad3891f2c8bc5abc4c3","action":"USER_LOGIN","ip":"::1","email":"superadmin@uwu.ac.lk"}
{"timestamp":"2026-06-26T15:00:24.065Z","level":"DEBUG","message":"Audit log recorded","userId":"6a27fad3891f2c8bc5abc4c3","action":"LOGIN_SUCCESS","status":"success"}
[0mPOST /api/v1/auth/login [32m200[0m 298.977 ms - 1962[0m
{"timestamp":"2026-06-26T15:00:24.185Z","level":"DEBUG","message":"Auth verified","tenantId":"uwu-main","userId":"6a27fad3891f2c8bc5abc4c3","ip":"::1","role":"super_admin","faculty":null}
[0mGET /api/v1/notifications/unread-count [36m304[0m 7.229 ms - -[0m
{"timestamp":"2026-06-26T15:00:24.194Z","level":"DEBUG","message":"Auth verified","tenantId":"uwu-main","userId":"6a27fad3891f2c8bc5abc4c3","ip":"::1","role":"super_admin","faculty":null}
[0mGET /api/v1/notifications/unread-count [36m304[0m 4.262 ms - -[0m
{"timestamp":"2026-06-26T15:00:26.365Z","level":"DEBUG","message":"Auth verified","tenantId":"uwu-main","userId":"6a27fad3891f2c8bc5abc4c3","ip":"::1","role":"super_admin","faculty":null}
[0mGET /api/v1/procurements?page=1&limit=10 [36m304[0m 10.342 ms - -[0m
{"timestamp":"2026-06-26T15:00:26.380Z","level":"DEBUG","message":"Auth verified","tenantId":"uwu-main","userId":"6a27fad3891f2c8bc5abc4c3","ip":"::1","role":"super_admin","faculty":null}
[0mGET /api/v1/procurements?page=1&limit=10 [36m304[0m 8.413 ms - -[0m
{"timestamp":"2026-06-26T15:00:27.941Z","level":"DEBUG","message":"Auth verified","tenantId":"uwu-main","userId":"6a27fad3891f2c8bc5abc4c3","ip":"::1","role":"super_admin","faculty":null}
[0mGET /api/v1/procurements/budget-status [36m304[0m 3.950 ms - -[0m
{"timestamp":"2026-06-26T15:00:27.950Z","level":"DEBUG","message":"Auth verified","tenantId":"uwu-main","userId":"6a27fad3891f2c8bc5abc4c3","ip":"::1","role":"super_admin","faculty":null}
[0mGET /api/v1/procurements/budget-status [36m304[0m 6.991 ms - -[0m
{"timestamp":"2026-06-26T15:00:28.956Z","level":"DEBUG","message":"Auth verified","tenantId":"uwu-main","userId":"6a27fad3891f2c8bc5abc4c3","ip":"::1","role":"super_admin","faculty":null}
[0mGET /api/v1/procurements/pending-approvals [36m304[0m 6.010 ms - -[0m
{"timestamp":"2026-06-26T15:00:28.966Z","level":"DEBUG","message":"Auth verified","tenantId":"uwu-main","userId":"6a27fad3891f2c8bc5abc4c3","ip":"::1","role":"super_admin","faculty":null}
[0mGET /api/v1/procurements/pending-approvals [36m304[0m 5.486 ms - -[0m
{"timestamp":"2026-06-26T15:00:30.925Z","level":"DEBUG","message":"Auth verified","tenantId":"uwu-main","userId":"6a27fad3891f2c8bc5abc4c3","ip":"::1","role":"super_admin","faculty":null}
[0mGET /api/v1/tenders?status=awarded,loa_issued,standstill,cleared,appealed [32m200[0m 19.034 ms - 3543[0m
{"timestamp":"2026-06-26T15:00:30.949Z","level":"DEBUG","message":"Auth verified","tenantId":"uwu-main","userId":"6a27fad3891f2c8bc5abc4c3","ip":"::1","role":"super_admin","faculty":null}
[0mGET /api/v1/tenders?status=awarded,loa_issued,standstill,cleared,appealed [36m304[0m 13.617 ms - -[0m
{"timestamp":"2026-06-26T15:00:31.508Z","level":"DEBUG","message":"Auth verified","tenantId":"uwu-main","userId":"6a27fad3891f2c8bc5abc4c3","ip":"::1","role":"super_admin","faculty":null}
[0mGET /api/v1/contracts [36m304[0m 13.599 ms - -[0m
{"timestamp":"2026-06-26T15:00:31.526Z","level":"DEBUG","message":"Auth verified","tenantId":"uwu-main","userId":"6a27fad3891f2c8bc5abc4c3","ip":"::1","role":"super_admin","faculty":null}
[0mGET /api/v1/contracts [36m304[0m 12.219 ms - -[0m
{"timestamp":"2026-06-26T15:00:33.193Z","level":"DEBUG","message":"Auth verified","tenantId":"uwu-main","userId":"6a27fad3891f2c8bc5abc4c3","ip":"::1","role":"super_admin","faculty":null}
{"timestamp":"2026-06-26T15:00:33.203Z","level":"DEBUG","message":"Auth verified","tenantId":"uwu-main","userId":"6a27fad3891f2c8bc5abc4c3","ip":"::1","role":"super_admin","faculty":null}
{"timestamp":"2026-06-26T15:00:33.206Z","level":"DEBUG","message":"Auth verified","tenantId":"uwu-main","userId":"6a27fad3891f2c8bc5abc4c3","ip":"::1","role":"super_admin","faculty":null}
{"timestamp":"2026-06-26T15:00:33.207Z","level":"DEBUG","message":"Auth verified","tenantId":"uwu-main","userId":"6a27fad3891f2c8bc5abc4c3","ip":"::1","role":"super_admin","faculty":null}
{"timestamp":"2026-06-26T15:00:33.209Z","level":"DEBUG","message":"Auth verified","tenantId":"uwu-main","userId":"6a27fad3891f2c8bc5abc4c3","ip":"::1","role":"super_admin","faculty":null}
[0mGET /api/v1/master-plans?limit=1 [36m304[0m 23.084 ms - -[0m
[0mGET /api/v1/master-plans/pending [36m304[0m 17.415 ms - -[0m
[0mGET /api/v1/annual-plans/pending [36m304[0m 15.773 ms - -[0m
[0mGET /api/v1/budget-allocations/my-budget [36m304[0m 15.711 ms - -[0m
[0mGET /api/v1/annual-plans?limit=1 [36m304[0m 28.891 ms - -[0m
{"timestamp":"2026-06-26T15:00:33.225Z","level":"DEBUG","message":"Auth verified","tenantId":"uwu-main","userId":"6a27fad3891f2c8bc5abc4c3","ip":"::1","role":"super_admin","faculty":null}
{"timestamp":"2026-06-26T15:00:33.227Z","level":"DEBUG","message":"Auth verified","tenantId":"uwu-main","userId":"6a27fad3891f2c8bc5abc4c3","ip":"::1","role":"super_admin","faculty":null}
{"timestamp":"2026-06-26T15:00:33.230Z","level":"DEBUG","message":"Auth verified","tenantId":"uwu-main","userId":"6a27fad3891f2c8bc5abc4c3","ip":"::1","role":"super_admin","faculty":null}
{"timestamp":"2026-06-26T15:00:33.232Z","level":"DEBUG","message":"Auth verified","tenantId":"uwu-main","userId":"6a27fad3891f2c8bc5abc4c3","ip":"::1","role":"super_admin","faculty":null}
{"timestamp":"2026-06-26T15:00:33.233Z","level":"DEBUG","message":"Auth verified","tenantId":"uwu-main","userId":"6a27fad3891f2c8bc5abc4c3","ip":"::1","role":"super_admin","faculty":null}
[0mGET /api/v1/master-plans/pending [36m304[0m 14.202 ms - -[0m
[0mGET /api/v1/annual-plans/pending [36m304[0m 13.913 ms - -[0m
[0mGET /api/v1/budget-allocations/my-budget [36m304[0m 14.020 ms - -[0m
[0mGET /api/v1/master-plans?limit=1 [36m304[0m 20.541 ms - -[0m
[0mGET /api/v1/annual-plans?limit=1 [36m304[0m 18.086 ms - -[0m
{"timestamp":"2026-06-26T15:00:33.924Z","level":"DEBUG","message":"Auth verified","tenantId":"uwu-main","userId":"6a27fad3891f2c8bc5abc4c3","ip":"::1","role":"super_admin","faculty":null}
[0mGET /api/v1/master-plans?limit=50 [36m304[0m 12.175 ms - -[0m
{"timestamp":"2026-06-26T15:00:33.939Z","level":"DEBUG","message":"Auth verified","tenantId":"uwu-main","userId":"6a27fad3891f2c8bc5abc4c3","ip":"::1","role":"super_admin","faculty":null}
[0mGET /api/v1/master-plans?limit=50 [36m304[0m 7.755 ms - -[0m
{"timestamp":"2026-06-26T15:00:34.692Z","level":"DEBUG","message":"Auth verified","tenantId":"uwu-main","userId":"6a27fad3891f2c8bc5abc4c3","ip":"::1","role":"super_admin","faculty":null}
[0mGET /api/v1/annual-plans?limit=50 [36m304[0m 11.178 ms - -[0m
{"timestamp":"2026-06-26T15:00:34.705Z","level":"DEBUG","message":"Auth verified","tenantId":"uwu-main","userId":"6a27fad3891f2c8bc5abc4c3","ip":"::1","role":"super_admin","faculty":null}
[0mGET /api/v1/annual-plans?limit=50 [36m304[0m 6.786 ms - -[0m
{"timestamp":"2026-06-26T15:00:35.140Z","level":"DEBUG","message":"Auth verified","tenantId":"uwu-main","userId":"6a27fad3891f2c8bc5abc4c3","ip":"::1","role":"super_admin","faculty":null}
{"timestamp":"2026-06-26T15:00:35.144Z","level":"DEBUG","message":"Auth verified","tenantId":"uwu-main","userId":"6a27fad3891f2c8bc5abc4c3","ip":"::1","role":"super_admin","faculty":null}
[0mGET /api/v1/budget-allocations [36m304[0m 9.351 ms - -[0m
[0mGET /api/v1/annual-plans?status=budget_received [36m304[0m 9.874 ms - -[0m
{"timestamp":"2026-06-26T15:00:35.153Z","level":"DEBUG","message":"Auth verified","tenantId":"uwu-main","userId":"6a27fad3891f2c8bc5abc4c3","ip":"::1","role":"super_admin","faculty":null}
{"timestamp":"2026-06-26T15:00:35.155Z","level":"DEBUG","message":"Auth verified","tenantId":"uwu-main","userId":"6a27fad3891f2c8bc5abc4c3","ip":"::1","role":"super_admin","faculty":null}
[0mGET /api/v1/budget-allocations [36m304[0m 7.454 ms - -[0m
[0mGET /api/v1/annual-plans?status=budget_received [36m304[0m 6.832 ms - -[0m
{"timestamp":"2026-06-26T15:00:36.557Z","level":"DEBUG","message":"Auth verified","tenantId":"uwu-main","userId":"6a27fad3891f2c8bc5abc4c3","ip":"::1","role":"super_admin","faculty":null}
{"timestamp":"2026-06-26T15:00:36.558Z","level":"DEBUG","message":"Auth verified","tenantId":"uwu-main","userId":"6a27fad3891f2c8bc5abc4c3","ip":"::1","role":"super_admin","faculty":null}
[0mGET /api/v1/payments [36m304[0m 15.578 ms - -[0m
[0mGET /api/v1/contracts?status=active [36m304[0m 15.999 ms - -[0m
{"timestamp":"2026-06-26T15:00:36.575Z","level":"DEBUG","message":"Auth verified","tenantId":"uwu-main","userId":"6a27fad3891f2c8bc5abc4c3","ip":"::1","role":"super_admin","faculty":null}
{"timestamp":"2026-06-26T15:00:36.576Z","level":"DEBUG","message":"Auth verified","tenantId":"uwu-main","userId":"6a27fad3891f2c8bc5abc4c3","ip":"::1","role":"super_admin","faculty":null}
[0mGET /api/v1/payments [36m304[0m 12.943 ms - -[0m
[0mGET /api/v1/contracts?status=active [36m304[0m 13.328 ms - -[0m
{"timestamp":"2026-06-26T15:00:38.788Z","level":"DEBUG","message":"Auth verified","tenantId":"uwu-main","userId":"6a27fad3891f2c8bc5abc4c3","ip":"::1","role":"super_admin","faculty":null}
[0mGET /api/v1/contracts/deliveries [36m304[0m 12.948 ms - -[0m
{"timestamp":"2026-06-26T15:00:38.803Z","level":"DEBUG","message":"Auth verified","tenantId":"uwu-main","userId":"6a27fad3891f2c8bc5abc4c3","ip":"::1","role":"super_admin","faculty":null}
[0mGET /api/v1/contracts/deliveries [36m304[0m 10.753 ms - -[0m
{"timestamp":"2026-06-26T15:00:40.699Z","level":"DEBUG","message":"Auth verified","tenantId":"uwu-main","userId":"6a27fad3891f2c8bc5abc4c3","ip":"::1","role":"super_admin","faculty":null}
{"timestamp":"2026-06-26T15:00:40.703Z","level":"DEBUG","message":"Auth verified","tenantId":"uwu-main","userId":"6a27fad3891f2c8bc5abc4c3","ip":"::1","role":"super_admin","faculty":null}
{"timestamp":"2026-06-26T15:00:40.705Z","level":"DEBUG","message":"Auth verified","tenantId":"uwu-main","userId":"6a27fad3891f2c8bc5abc4c3","ip":"::1","role":"super_admin","faculty":null}
[0mGET /api/v1/inventory/stats [36m304[0m 13.755 ms - -[0m
[0mGET /api/v1/inventory/items?limit=20 [36m304[0m 11.499 ms - -[0m
[0mGET /api/v1/inventory/grn?limit=5 [36m304[0m 11.805 ms - -[0m
{"timestamp":"2026-06-26T15:00:40.717Z","level":"DEBUG","message":"Auth verified","tenantId":"uwu-main","userId":"6a27fad3891f2c8bc5abc4c3","ip":"::1","role":"super_admin","faculty":null}
{"timestamp":"2026-06-26T15:00:40.720Z","level":"DEBUG","message":"Auth verified","tenantId":"uwu-main","userId":"6a27fad3891f2c8bc5abc4c3","ip":"::1","role":"super_admin","faculty":null}
{"timestamp":"2026-06-26T15:00:40.722Z","level":"DEBUG","message":"Auth verified","tenantId":"uwu-main","userId":"6a27fad3891f2c8bc5abc4c3","ip":"::1","role":"super_admin","faculty":null}
[0mGET /api/v1/inventory/stats [36m304[0m 13.801 ms - -[0m
[0mGET /api/v1/inventory/items?limit=20 [36m304[0m 12.138 ms - -[0m
[0mGET /api/v1/inventory/grn?limit=5 [36m304[0m 11.780 ms - -[0m
{"timestamp":"2026-06-26T15:00:42.416Z","level":"DEBUG","message":"Auth verified","tenantId":"uwu-main","userId":"6a27fad3891f2c8bc5abc4c3","ip":"::1","role":"super_admin","faculty":null}
[0mGET /api/v1/messages?type=all&limit=60 [36m304[0m 7.641 ms - -[0m
{"timestamp":"2026-06-26T15:00:42.425Z","level":"DEBUG","message":"Auth verified","tenantId":"uwu-main","userId":"6a27fad3891f2c8bc5abc4c3","ip":"::1","role":"super_admin","faculty":null}
[0mGET /api/v1/messages?type=all&limit=60 [36m304[0m 6.677 ms - -[0m
{"timestamp":"2026-06-26T15:00:42.434Z","level":"DEBUG","message":"Auth verified","tenantId":"uwu-main","userId":"6a27fad3891f2c8bc5abc4c3","ip":"::1","role":"super_admin","faculty":null}
[0mGET /api/v1/messages/unread-count [36m304[0m 5.729 ms - -[0m
{"timestamp":"2026-06-26T15:00:42.441Z","level":"DEBUG","message":"Auth verified","tenantId":"uwu-main","userId":"6a27fad3891f2c8bc5abc4c3","ip":"::1","role":"super_admin","faculty":null}
[0mGET /api/v1/messages/unread-count [36m304[0m 4.571 ms - -[0m
{"timestamp":"2026-06-26T15:00:42.764Z","level":"DEBUG","message":"Auth verified","tenantId":"uwu-main","userId":"6a27fad3891f2c8bc5abc4c3","ip":"::1","role":"super_admin","faculty":null}
[0mGET /api/v1/messages?type=all&limit=60 [36m304[0m 9.476 ms - -[0m
{"timestamp":"2026-06-26T15:00:42.775Z","level":"DEBUG","message":"Auth verified","tenantId":"uwu-main","userId":"6a27fad3891f2c8bc5abc4c3","ip":"::1","role":"super_admin","faculty":null}
[0mGET /api/v1/messages/unread-count [36m304[0m 3.680 ms - -[0m
{"timestamp":"2026-06-26T15:00:43.036Z","level":"DEBUG","message":"Auth verified","tenantId":"uwu-main","userId":"6a27fad3891f2c8bc5abc4c3","ip":"::1","role":"super_admin","faculty":null}
[0mGET /api/v1/documents [36m304[0m 4.487 ms - -[0m
{"timestamp":"2026-06-26T15:00:43.042Z","level":"DEBUG","message":"Auth verified","tenantId":"uwu-main","userId":"6a27fad3891f2c8bc5abc4c3","ip":"::1","role":"super_admin","faculty":null}
[0mGET /api/v1/documents [36m304[0m 4.436 ms - -[0m
{"timestamp":"2026-06-26T15:00:43.434Z","level":"DEBUG","message":"Auth verified","tenantId":"uwu-main","userId":"6a27fad3891f2c8bc5abc4c3","ip":"::1","role":"super_admin","faculty":null}
[0mGET /api/v1/documents [36m304[0m 7.407 ms - -[0m
{"timestamp":"2026-06-26T15:00:43.737Z","level":"DEBUG","message":"Auth verified","tenantId":"uwu-main","userId":"6a27fad3891f2c8bc5abc4c3","ip":"::1","role":"super_admin","faculty":null}
{"timestamp":"2026-06-26T15:00:43.741Z","level":"DEBUG","message":"Auth verified","tenantId":"uwu-main","userId":"6a27fad3891f2c8bc5abc4c3","ip":"::1","role":"super_admin","faculty":null}
{"timestamp":"2026-06-26T15:00:43.743Z","level":"DEBUG","message":"Auth verified","tenantId":"uwu-main","userId":"6a27fad3891f2c8bc5abc4c3","ip":"::1","role":"super_admin","faculty":null}
[0mGET /api/v1/ai/explainability-logs/stats [32m200[0m 13.074 ms - 445[0m
[0mGET /api/v1/procurements?limit=50 [36m304[0m 18.127 ms - -[0m
{"timestamp":"2026-06-26T15:00:43.762Z","level":"DEBUG","message":"Auth verified","tenantId":"uwu-main","userId":"6a27fad3891f2c8bc5abc4c3","ip":"::1","role":"super_admin","faculty":null}
[0mGET /api/v1/tenders?limit=50 [32m200[0m 34.579 ms - 3543[0m
[0mGET /api/v1/ai/explainability-logs/stats [32m200[0m 16.506 ms - 445[0m
{"timestamp":"2026-06-26T15:00:43.772Z","level":"DEBUG","message":"Auth verified","tenantId":"uwu-main","userId":"6a27fad3891f2c8bc5abc4c3","ip":"::1","role":"super_admin","faculty":null}
{"timestamp":"2026-06-26T15:00:43.782Z","level":"DEBUG","message":"Auth verified","tenantId":"uwu-main","userId":"6a27fad3891f2c8bc5abc4c3","ip":"::1","role":"super_admin","faculty":null}
[0mGET /api/v1/procurements?limit=50 [36m304[0m 20.245 ms - -[0m
[0mGET /api/v1/tenders?limit=50 [36m304[0m 21.311 ms - -[0m
{"timestamp":"2026-06-26T15:00:44.185Z","level":"DEBUG","message":"Auth verified","tenantId":"uwu-main","userId":"6a27fad3891f2c8bc5abc4c3","ip":"::1","role":"super_admin","faculty":null}
[0mGET /api/v1/notifications/unread-count [36m304[0m 6.372 ms - -[0m
[0mGET /api/v1/procurements/public [36m304[0m 2.574 ms - -[0m
[0mGET /api/v1/procurements/public [36m304[0m 2.181 ms - -[0m
{"timestamp":"2026-06-26T15:05:57.176Z","level":"DEBUG","message":"Auth verified","tenantId":"uwu-main","userId":"6a27fad3891f2c8bc5abc4c3","ip":"::1","role":"super_admin","faculty":null}
[0mGET /api/v1/reports/public-analytics [33m400[0m 22.547 ms - 1582[0m
[0mGET /api/v1/procurements/public [36m304[0m 20.630 ms - -[0m
[0mGET /api/v1/procurements/public [36m304[0m 4.669 ms - -[0m
{"timestamp":"2026-06-26T15:06:40.082Z","level":"DEBUG","message":"Auth verified","tenantId":"uwu-main","userId":"6a27fad3891f2c8bc5abc4c3","ip":"::1","role":"super_admin","faculty":null}
[0mGET /api/v1/reports/public-analytics [33m400[0m 4.643 ms - 1582[0m
[0mGET /api/v1/procurements/public [36m304[0m 2.476 ms - -[0m
{"timestamp":"2026-06-26T15:06:40.088Z","level":"DEBUG","message":"Auth verified","tenantId":"uwu-main","userId":"6a27fad3891f2c8bc5abc4c3","ip":"::1","role":"super_admin","faculty":null}
[0mGET /api/v1/reports/public-analytics [33m400[0m 4.103 ms - 1582[0m
[0mGET /api/v1/procurements/public [36m304[0m 6.787 ms - -[0m
{"timestamp":"2026-06-26T15:06:45.023Z","level":"DEBUG","message":"Auth verified","tenantId":"uwu-main","userId":"6a27fad3891f2c8bc5abc4c3","ip":"::1","role":"super_admin","faculty":null}
[0mGET /api/v1/reports/public-analytics [33m400[0m 11.982 ms - 1582[0m
[0mGET /api/v1/procurements/public [36m304[0m 2.440 ms - -[0m
{"timestamp":"2026-06-26T15:06:45.029Z","level":"DEBUG","message":"Auth verified","tenantId":"uwu-main","userId":"6a27fad3891f2c8bc5abc4c3","ip":"::1","role":"super_admin","faculty":null}
[0mGET /api/v1/reports/public-analytics [33m400[0m 4.489 ms - 1582[0m
[0mGET /api/v1/procurements/public [36m304[0m 5.181 ms - -[0m
{"timestamp":"2026-06-26T15:06:52.268Z","level":"DEBUG","message":"Auth verified","tenantId":"uwu-main","userId":"6a27fad3891f2c8bc5abc4c3","ip":"::1","role":"super_admin","faculty":null}
[0mGET /api/v1/reports/public-analytics [33m400[0m 9.412 ms - 1582[0m
[0mGET /api/v1/procurements/public [36m304[0m 3.422 ms - -[0m
{"timestamp":"2026-06-26T15:06:52.280Z","level":"DEBUG","message":"Auth verified","tenantId":"uwu-main","userId":"6a27fad3891f2c8bc5abc4c3","ip":"::1","role":"super_admin","faculty":null}
[0mGET /api/v1/reports/public-analytics [33m400[0m 6.604 ms - 1582[0m
[0mGET /api/v1/procurements/public [36m304[0m 4.771 ms - -[0m
{"timestamp":"2026-06-26T15:07:02.452Z","level":"DEBUG","message":"Auth verified","tenantId":"uwu-main","userId":"6a27fad3891f2c8bc5abc4c3","ip":"::1","role":"super_admin","faculty":null}
[0mGET /api/v1/reports/public-analytics [33m400[0m 6.144 ms - 1582[0m
[0mGET /api/v1/procurements/public [36m304[0m 2.714 ms - -[0m
{"timestamp":"2026-06-26T15:07:02.458Z","level":"DEBUG","message":"Auth verified","tenantId":"uwu-main","userId":"6a27fad3891f2c8bc5abc4c3","ip":"::1","role":"super_admin","faculty":null}
[0mGET /api/v1/reports/public-analytics [33m400[0m 4.298 ms - 1582[0m
[0mGET /api/v1/procurements/public [32m200[0m 1.881 ms - 46[0m
[0mGET /api/v1/procurements/public [32m200[0m 1.628 ms - 46[0m
[0mGET /api/v1/procurements/public [32m200[0m 1.712 ms - 46[0m
[0mGET /api/v1/procurements/public [32m200[0m 1.837 ms - 46[0m
[0mGET /api/v1/reports/public-analytics [33m401[0m 0.496 ms - 63[0m
